# SHA256: 023b54e362743b12
# 复盘 Agent — 数据解析 Prompt
# 版本: 0.1.0
# 用途: 从上传的截图中提取结构化数据
# 参考开发思路文档: 第4.3节

请从这些截图中提取所有可见的数字信息：

- 新增客户/粉丝/关注数量
- 咨询/留言/评论/私信数量
- 成交/订单/预约数量
- 每条内容的播放/阅读/曝光/互动数据
- 任何其他可见的数字指标

请按以下 JSON 格式返回提取结果：

```json
{
  "numbers": {
    "新增客户": <整数>,
    "咨询量": <整数>,
    "成交量": <整数>,
    "内容数据": [
      {
        "内容名称": "<视频/文章标题>",
        "播放量": <整数>,
        "点赞": <整数>,
        "评论": <整数>,
        "分享": <整数>
      }
    ]
  }
}
```

如果某个指标无法从截图中找到，则将该字段设为 0。